// Jest Snapshot v1, https://goo.gl/fbAQLP

exports[`renders correctly 1`] = `
<div
  className="sc-bwzfXH gokkPN"
>
  <div
    className="sc-bdVaJa fVezFz"
  >
    Soup
  </div>
  <div
    className="sc-bdVaJa fVezFz"
  >
    Pâté
  </div>
  <div
    className="sc-bdVaJa fVezFz"
  >
    Bruschetta
  </div>
  <div
    className="sc-bdVaJa fVezFz"
  >
    Prawn cocktail
  </div>
</div>
`;
